Загружено: data/cache/black-sea.geojson (кешированная копия https://geo.vliz.be/geoserver/MarineRegions/wfs?cql_filter=mrgid%3D3319&outputFormat=application%2Fjson&request=GetFeature&service=WFS&typeName=iho&version=1.0.0) (9635 точек)

  ━━━━━━━━━━━━━━━━━━━━━━━━━━━━━━━━━━━━━━━━━━━━━━━━━━━━━━━━━━━━━━━━━━━━━━━━━━━━━
  ФРАКТАЛЬНАЯ РАЗМЕРНОСТЬ (BOX-COUNTING)
  ━━━━━━━━━━━━━━━━━━━━━━━━━━━━━━━━━━━━━━━━━━━━━━━━━━━━━━━━━━━━━━━━━━━━━━━━━━━━━
  ┌──────┬───────────┬───────────┬─────────┬──────────┬──────────┬───────────┬───────────┬──────┐
  │ Итер │ Точек     │ Длина км  │ D       │ Масштаб  │ R²       │ Разброс   │ Δ к пред  │ Стаб │
  ├──────┼───────────┼───────────┼─────────┼──────────┼──────────┼───────────┼───────────┼──────┤
  │ 0    │ 6000      │ 6319      │ 1.10596 │ 13       │ 0.9999   │ 0.1659    │ —         │ yes  │
  └──────┴───────────┴───────────┴─────────┴──────────┴──────────┴───────────┴───────────┴──────┘

  Теоретическая (Koch): D = 1.26186
🧾 Научный отчёт: эксперимент exp-c16347962916, источник data/cache/black-sea.geojson (кешированная копия https://geo.vliz.be/geoserver/MarineRegions/wfs?cql_filter=mrgid%3D3319&outputFormat=application%2Fjson&request=GetFeature&service=WFS&typeName=iho&version=1.0.0), версия данных c4595a51f27f
ℹ️  Упрощение синтетического SVG: максимальный слой 6000 → 5000 точек для рендера
Log-log график сохранён: output/svg/dimension_loglog_0.svg
🔧 Научный режим включён для итерации 0
🔧 Научный SVG-режим: включён=true, точек=5000
   Расширенные элементы карты подготовлены: true
   🔧 Подготовка сетки box-counting для 5000 точек
   📍 Исходная область: широта [40.909, 47.310], долгота [27.444, 42.355]
   📏 Размер сетки взят из расчёта box-counting: 37344 м
   🎯 Буферная зона вокруг берега: 60 км
   ✅ Сетка box-counting настроена: включена=true, размер ячейки=37344 м
⚠️  Визуализация транспорта наносов пропущена: результат=false, состояний=0, улучшено=true
   🔧 Отрисовка сетки box-counting: включена=true, точек=5000
      🔧 Сетка box-counting: точек=5000, ячейка=37344 м, буфер=60 км, контекст=false
      🎯 Буферная зона: 60 км вокруг береговой линии (вместо всего моря)
      📐 Размер области: широта=846 км, долгота=1329 км, ячейка=37344 м, строк=23, столбцов=36
      🔢 Начало цикла отрисовки: rows=23, cols=36, maxBoxes=100000, minSizeThreshold=1.00
      📊 Отрисовано ячеек: 828 из 828 возможных (ограничение: 100000)
   ✅ Сетка box-counting отрисована: 130000 символов SVG
SVG сохранён: output/svg/dimension_0.svg
🔐 Воспроизводимость: SHA-256 геометрии c4595a51f27f88f4d82e2fb851a011925831f267935120f62263648db1b1be51, точек 6000, box-counting 37344 м, буфер 59.8 км
Метрики сохранены: output/metrics/dimension.metrics.json
