Загружено: data/cache/black-sea.geojson (кешированная копия https://geo.vliz.be/geoserver/MarineRegions/wfs?cql_filter=mrgid%3D3319&outputFormat=application%2Fjson&request=GetFeature&service=WFS&typeName=iho&version=1.0.0) (9635 точек)
✓ Батиметрия: data/black-sea-bathymetry.json

  ━━━━━━━━━━━━━━━━━━━━━━━━━━━━━━━━━━━━━━━━━━━━━━━━━━━━━━━━━━━━━━━━━━━━━━━━━━━━━
  ВОЛНОВАЯ ЭРОЗИЯ
  ━━━━━━━━━━━━━━━━━━━━━━━━━━━━━━━━━━━━━━━━━━━━━━━━━━━━━━━━━━━━━━━━━━━━━━━━━━━━━
  ┌──────┬───────────┬───────────┬─────────────┐
  │ Шаг  │ Точек     │ Длина км  │ Площадь км² │
  ├──────┼───────────┼───────────┼─────────────┤
  │ 0    │ 9635      │ 6398      │ 425853      │
  │ 1    │ 9635      │ 6350      │ 425848      │
  └──────┴───────────┴───────────┴─────────────┘

✓ Моделирование эрозии завершено
🧾 Научный отчёт: эксперимент exp-6a34dcf1ad54, источник data/cache/black-sea.geojson (кешированная копия https://geo.vliz.be/geoserver/MarineRegions/wfs?cql_filter=mrgid%3D3319&outputFormat=application%2Fjson&request=GetFeature&service=WFS&typeName=iho&version=1.0.0), версия данных f6922e461df1
🎨 Цветовая шкала эрозии: размыв — красный, накопление — синий, нейтральная зона — серая; максимум 97.67 м/шаг
🔧 Расширенный режим включён для шага эрозии
🔧 wrapErosionDocumentForEnhanced: EnableEnhanced=true, points=4998, waveDir=0
   📐 Размер ячейки эрозионной сетки: 5000 м
   🎯 Буферная зона для эрозии: 60 км
   ✅ ErosionGridOptions set: Show=true, CellSize=5000
   🔧 Отрисовка эрозионной сетки: включена=true, точек=4998, размер ячейки=5000 м
      🎯 Буферная зона для эрозии: 60 км вокруг береговой линии
   ✅ Эрозионная сетка отрисована: 5918262 символов SVG
SVG сохранён: output/svg/erosion_step_0.svg
🔧 Расширенный режим включён для шага эрозии
🔧 wrapErosionDocumentForEnhanced: EnableEnhanced=true, points=4998, waveDir=0
   📐 Размер ячейки эрозионной сетки: 5000 м
   🎯 Буферная зона для эрозии: 60 км
   ✅ ErosionGridOptions set: Show=true, CellSize=5000
   🔧 Отрисовка эрозионной сетки: включена=true, точек=4998, размер ячейки=5000 м
      🎯 Буферная зона для эрозии: 60 км вокруг береговой линии
   ✅ Эрозионная сетка отрисована: 5918930 символов SVG
SVG сохранён: output/svg/erosion_step_1.svg
🔐 Воспроизводимость: SHA-256 геометрии f6922e461df150852cc07e6532116cbf37a042ca504d1a40fc908825ee917fe9, точек 9635, сетка 5000 м, буфер 59.8 км
Метрики сохранены: output/metrics/erosion.metrics.json
